--- STARTING REJECTION WORKFLOW TEST ---
Logging in Staff...
Logging in Admin...
Logging in Student...
--- Identites Ready ---
1. Student creating complaint...
✅ Complaint Created: 16
2. Admin assigning to Staff...
✅ Assigned result: SUCCESS
3. Staff rejecting complaint...
✅ Rejection result. Status: Pending RejectedBy: [ 15 ]
4. Admin verifying rejection persistence...
--- TEST RESULTS ---
Complaint ID: 16
Final Status: Pending
Rejected By IDs: 15 Type: number
❌ FAILURE: Rejection data missing or incorrect
